// Jest Snapshot v1, https://goo.gl/fbAQLP

exports[`DropdownComponent match to snapshot 1`] = `
<div
  id="root1"
>
  <div
    class="dropdown"
  >
    
    
    <ul
      class="dropdown-menu"
    >
      
    </ul>
  </div>
</div>
`;
